 0 1 2 3 100000 100001 100002 100003 200000 200001 200002 200003
 0 1 2 3 100000 100001 100002 100003 200000 200001 200002 200003
 0 1 2 3 100000 100001 100002 100003 200000 200001 200002 200003
 0 1 2 3 100000 100001 100002 100003 200000 200001 200002 200003
