Which Fibonacci number? 23
That Fibonacci number is 46368
