0 x 76543 = 0
1 x 76543 = 76543
2 x 76543 = 153086
3 x 76543 = 229629
4 x 76543 = 306172
5 x 76543 = 382715
6 x 76543 = 459258
7 x 76543 = 535801
8 x 76543 = 612344
9 x 76543 = 688887
10 x 76543 = 765430
