Enter 10 numbers.
Input number 0 : 10
Input number 1 : 912345Input number 2 : 
8
Input number 3 : 9
Input number 4 : 7
Input number 5 : 5
Input number 6 : 454321Input number 7 : 
3
Input number 8 : 7
Input number 9 : 0
The average of these numbers is 136671
