Input dividend: 144325Input divisor: 
691
Answer: 208 remainder 597
