Input a word (less than 20 characters): 1234567890Input a word1234567890Input a word1234567890Input a word1234567890Input a word1234567890Input a word1234567890Input a word1234567890Input a word1234567890Input a word1234567890Input a word1234567890Input a word1234567890Input a word1234567890Input a word1234567890Input a word1234567890Input a word1234567890Input a word1234567890Input a word1234567890Input a word1234567890Input a word1234567890Input a word1234567890Input a word1234567890Input a word1234567890Input a word1234567890Input a word1234567890Input a word1234567890Input a word1234567890Input a word1234567890Input a word1234567890Input a word1234567890Input a word1234567890Input a word1234567890Input a word1234567890Input a word1234567890Input a word1234567890Input a word1234567890Input a word1234567890Input a word1234567890Input a word1234567890Input a word1234567890Input a word1234567890Input a word1234567890Input a word1234567890Input a word1234567890Input a word1234567890Input a word
The word contains 968 characters
