Input a number: 3000
The AllSum of 3000 is 4503197
