Before Swap valueA = 312345 and valueB = 454321
After  Swap valueA = 454321 and valueB = 312345
