d d
10432 28c0 24300 10432
10432 10432
d d
28c0 10432
