(-1,-1) is not within [32033,10; 106543,132033]
(1,1) is not within [32033,10; 106543,132033]
(20,123300) is not within [32033,10; 106543,132033]
(500,134400) is not within [32033,10; 106543,132033]
ab
