b = 0x8
f = 0xc
n = 0xa
r = 0xd
t = 0x9
v = 0xb
x = 0x78
f:
x = 0
x = 0
x = 0
x = 0
x = 0
x = 0
x = 0
x = 0
x = 0
x = 0
x = 0
x = 0
x = 0
x = 0
x = 0
x = 0
x = 0
x = 0
x = 0
x = 0
x = 0
g:
1 1
1 2
2 3
2 4
2 5
3 6
d 6
3 7
d 7
3 8
d 8
d 9
d 10
h:
i = 65008
i = 65016
i = 65120
i = 65128
i = 65248
i = 65264
i = 65272
i = 65280
i = 65288
i = 65296
i = 65304
i = 65312
488 defaults
x = 0x10000 (0)
x = 0x20000 (2)
x = 0x30000 (2)
x = 0x40000 (4)
x = 0x50000 (4)
x = 0x60000 (default)
x = 0x70000 (default)
0
1
2
3
4
5
0
1
2
3
4
5
