0 << 0 = 0
0 >> 0 = 0
1 << 0 = 1
1 >> 0 = 1
2 << 0 = 2
2 >> 0 = 2
3 << 0 = 3
3 >> 0 = 3
4 << 0 = 4
4 >> 0 = 4
5 << 0 = 5
5 >> 0 = 5
6 << 0 = 6
6 >> 0 = 6
7 << 0 = 7
7 >> 0 = 7
8 << 0 = 8
8 >> 0 = 8
9 << 0 = 9
9 >> 0 = 9
10 << 0 = 10
10 >> 0 = 10
11 << 0 = 11
11 >> 0 = 11
12 << 0 = 12
12 >> 0 = 12
13 << 0 = 13
13 >> 0 = 13
14 << 0 = 14
14 >> 0 = 14
15 << 0 = 15
15 >> 0 = 15
16 << 0 = 16
16 >> 0 = 16
17 << 0 = 17
17 >> 0 = 17
18 << 0 = 18
18 >> 0 = 18
19 << 0 = 19
19 >> 0 = 19
20 << 0 = 20
20 >> 0 = 20
21 << 0 = 21
21 >> 0 = 21
22 << 0 = 22
22 >> 0 = 22
23 << 0 = 23
23 >> 0 = 23
24 << 0 = 24
24 >> 0 = 24
25 << 0 = 25
25 >> 0 = 25
26 << 0 = 26
26 >> 0 = 26
27 << 0 = 27
27 >> 0 = 27
28 << 0 = 28
28 >> 0 = 28
29 << 0 = 29
29 >> 0 = 29
30 << 0 = 30
30 >> 0 = 30
31 << 0 = 31
31 >> 0 = 31
32 << 0 = 32
32 >> 0 = 32
33 << 0 = 33
33 >> 0 = 33
34 << 0 = 34
34 >> 0 = 34
35 << 0 = 35
35 >> 0 = 35
36 << 0 = 36
36 >> 0 = 36
37 << 0 = 37
37 >> 0 = 37
38 << 0 = 38
38 >> 0 = 38
39 << 0 = 39
39 >> 0 = 39
40 << 0 = 40
40 >> 0 = 40
41 << 0 = 41
41 >> 0 = 41
42 << 0 = 42
42 >> 0 = 42
43 << 0 = 43
43 >> 0 = 43
44 << 0 = 44
44 >> 0 = 44
45 << 0 = 45
45 >> 0 = 45
46 << 0 = 46
46 >> 0 = 46
47 << 0 = 47
47 >> 0 = 47
48 << 0 = 48
48 >> 0 = 48
49 << 0 = 49
49 >> 0 = 49
50 << 0 = 50
50 >> 0 = 50
51 << 0 = 51
51 >> 0 = 51
52 << 0 = 52
52 >> 0 = 52
53 << 0 = 53
53 >> 0 = 53
54 << 0 = 54
54 >> 0 = 54
55 << 0 = 55
55 >> 0 = 55
56 << 0 = 56
56 >> 0 = 56
57 << 0 = 57
57 >> 0 = 57
58 << 0 = 58
58 >> 0 = 58
59 << 0 = 59
59 >> 0 = 59
60 << 0 = 60
60 >> 0 = 60
61 << 0 = 61
61 >> 0 = 61
62 << 0 = 62
62 >> 0 = 62
63 << 0 = 63
63 >> 0 = 63
64 << 0 = 64
64 >> 0 = 64
65 << 0 = 65
65 >> 0 = 65
66 << 0 = 66
66 >> 0 = 66
67 << 0 = 67
67 >> 0 = 67
68 << 0 = 68
68 >> 0 = 68
69 << 0 = 69
69 >> 0 = 69
70 << 0 = 70
70 >> 0 = 70
71 << 0 = 71
71 >> 0 = 71
72 << 0 = 72
72 >> 0 = 72
73 << 0 = 73
73 >> 0 = 73
74 << 0 = 74
74 >> 0 = 74
75 << 0 = 75
75 >> 0 = 75
76 << 0 = 76
76 >> 0 = 76
77 << 0 = 77
77 >> 0 = 77
78 << 0 = 78
78 >> 0 = 78
79 << 0 = 79
79 >> 0 = 79
80 << 0 = 80
80 >> 0 = 80
81 << 0 = 81
81 >> 0 = 81
82 << 0 = 82
82 >> 0 = 82
83 << 0 = 83
83 >> 0 = 83
84 << 0 = 84
84 >> 0 = 84
85 << 0 = 85
85 >> 0 = 85
86 << 0 = 86
86 >> 0 = 86
87 << 0 = 87
87 >> 0 = 87
88 << 0 = 88
88 >> 0 = 88
89 << 0 = 89
89 >> 0 = 89
90 << 0 = 90
90 >> 0 = 90
91 << 0 = 91
91 >> 0 = 91
92 << 0 = 92
92 >> 0 = 92
93 << 0 = 93
93 >> 0 = 93
94 << 0 = 94
94 >> 0 = 94
95 << 0 = 95
95 >> 0 = 95
96 << 0 = 96
96 >> 0 = 96
97 << 0 = 97
97 >> 0 = 97
98 << 0 = 98
98 >> 0 = 98
99 << 0 = 99
99 >> 0 = 99
0 << 1 = 0
0 >> 1 = 0
1 << 1 = 2
1 >> 1 = 0
2 << 1 = 4
2 >> 1 = 1
3 << 1 = 6
3 >> 1 = 1
4 << 1 = 8
4 >> 1 = 2
5 << 1 = 10
5 >> 1 = 2
6 << 1 = 12
6 >> 1 = 3
7 << 1 = 14
7 >> 1 = 3
8 << 1 = 16
8 >> 1 = 4
9 << 1 = 18
9 >> 1 = 4
10 << 1 = 20
10 >> 1 = 5
11 << 1 = 22
11 >> 1 = 5
12 << 1 = 24
12 >> 1 = 6
13 << 1 = 26
13 >> 1 = 6
14 << 1 = 28
14 >> 1 = 7
15 << 1 = 30
15 >> 1 = 7
16 << 1 = 32
16 >> 1 = 8
17 << 1 = 34
17 >> 1 = 8
18 << 1 = 36
18 >> 1 = 9
19 << 1 = 38
19 >> 1 = 9
20 << 1 = 40
20 >> 1 = 10
21 << 1 = 42
21 >> 1 = 10
22 << 1 = 44
22 >> 1 = 11
23 << 1 = 46
23 >> 1 = 11
24 << 1 = 48
24 >> 1 = 12
25 << 1 = 50
25 >> 1 = 12
26 << 1 = 52
26 >> 1 = 13
27 << 1 = 54
27 >> 1 = 13
28 << 1 = 56
28 >> 1 = 14
29 << 1 = 58
29 >> 1 = 14
30 << 1 = 60
30 >> 1 = 15
31 << 1 = 62
31 >> 1 = 15
32 << 1 = 64
32 >> 1 = 16
33 << 1 = 66
33 >> 1 = 16
34 << 1 = 68
34 >> 1 = 17
35 << 1 = 70
35 >> 1 = 17
36 << 1 = 72
36 >> 1 = 18
37 << 1 = 74
37 >> 1 = 18
38 << 1 = 76
38 >> 1 = 19
39 << 1 = 78
39 >> 1 = 19
40 << 1 = 80
40 >> 1 = 20
41 << 1 = 82
41 >> 1 = 20
42 << 1 = 84
42 >> 1 = 21
43 << 1 = 86
43 >> 1 = 21
44 << 1 = 88
44 >> 1 = 22
45 << 1 = 90
45 >> 1 = 22
46 << 1 = 92
46 >> 1 = 23
47 << 1 = 94
47 >> 1 = 23
48 << 1 = 96
48 >> 1 = 24
49 << 1 = 98
49 >> 1 = 24
50 << 1 = 100
50 >> 1 = 25
51 << 1 = 102
51 >> 1 = 25
52 << 1 = 104
52 >> 1 = 26
53 << 1 = 106
53 >> 1 = 26
54 << 1 = 108
54 >> 1 = 27
55 << 1 = 110
55 >> 1 = 27
56 << 1 = 112
56 >> 1 = 28
57 << 1 = 114
57 >> 1 = 28
58 << 1 = 116
58 >> 1 = 29
59 << 1 = 118
59 >> 1 = 29
60 << 1 = 120
60 >> 1 = 30
61 << 1 = 122
61 >> 1 = 30
62 << 1 = 124
62 >> 1 = 31
63 << 1 = 126
63 >> 1 = 31
64 << 1 = 128
64 >> 1 = 32
65 << 1 = 130
65 >> 1 = 32
66 << 1 = 132
66 >> 1 = 33
67 << 1 = 134
67 >> 1 = 33
68 << 1 = 136
68 >> 1 = 34
69 << 1 = 138
69 >> 1 = 34
70 << 1 = 140
70 >> 1 = 35
71 << 1 = 142
71 >> 1 = 35
72 << 1 = 144
72 >> 1 = 36
73 << 1 = 146
73 >> 1 = 36
74 << 1 = 148
74 >> 1 = 37
75 << 1 = 150
75 >> 1 = 37
76 << 1 = 152
76 >> 1 = 38
77 << 1 = 154
77 >> 1 = 38
78 << 1 = 156
78 >> 1 = 39
79 << 1 = 158
79 >> 1 = 39
80 << 1 = 160
80 >> 1 = 40
81 << 1 = 162
81 >> 1 = 40
82 << 1 = 164
82 >> 1 = 41
83 << 1 = 166
83 >> 1 = 41
84 << 1 = 168
84 >> 1 = 42
85 << 1 = 170
85 >> 1 = 42
86 << 1 = 172
86 >> 1 = 43
87 << 1 = 174
87 >> 1 = 43
88 << 1 = 176
88 >> 1 = 44
89 << 1 = 178
89 >> 1 = 44
90 << 1 = 180
90 >> 1 = 45
91 << 1 = 182
91 >> 1 = 45
92 << 1 = 184
92 >> 1 = 46
93 << 1 = 186
93 >> 1 = 46
94 << 1 = 188
94 >> 1 = 47
95 << 1 = 190
95 >> 1 = 47
96 << 1 = 192
96 >> 1 = 48
97 << 1 = 194
97 >> 1 = 48
98 << 1 = 196
98 >> 1 = 49
99 << 1 = 198
99 >> 1 = 49
0 << 2 = 0
0 >> 2 = 0
1 << 2 = 4
1 >> 2 = 0
2 << 2 = 8
2 >> 2 = 0
3 << 2 = 12
3 >> 2 = 0
4 << 2 = 16
4 >> 2 = 1
5 << 2 = 20
5 >> 2 = 1
6 << 2 = 24
6 >> 2 = 1
7 << 2 = 28
7 >> 2 = 1
8 << 2 = 32
8 >> 2 = 2
9 << 2 = 36
9 >> 2 = 2
10 << 2 = 40
10 >> 2 = 2
11 << 2 = 44
11 >> 2 = 2
12 << 2 = 48
12 >> 2 = 3
13 << 2 = 52
13 >> 2 = 3
14 << 2 = 56
14 >> 2 = 3
15 << 2 = 60
15 >> 2 = 3
16 << 2 = 64
16 >> 2 = 4
17 << 2 = 68
17 >> 2 = 4
18 << 2 = 72
18 >> 2 = 4
19 << 2 = 76
19 >> 2 = 4
20 << 2 = 80
20 >> 2 = 5
21 << 2 = 84
21 >> 2 = 5
22 << 2 = 88
22 >> 2 = 5
23 << 2 = 92
23 >> 2 = 5
24 << 2 = 96
24 >> 2 = 6
25 << 2 = 100
25 >> 2 = 6
26 << 2 = 104
26 >> 2 = 6
27 << 2 = 108
27 >> 2 = 6
28 << 2 = 112
28 >> 2 = 7
29 << 2 = 116
29 >> 2 = 7
30 << 2 = 120
30 >> 2 = 7
31 << 2 = 124
31 >> 2 = 7
32 << 2 = 128
32 >> 2 = 8
33 << 2 = 132
33 >> 2 = 8
34 << 2 = 136
34 >> 2 = 8
35 << 2 = 140
35 >> 2 = 8
36 << 2 = 144
36 >> 2 = 9
37 << 2 = 148
37 >> 2 = 9
38 << 2 = 152
38 >> 2 = 9
39 << 2 = 156
39 >> 2 = 9
40 << 2 = 160
40 >> 2 = 10
41 << 2 = 164
41 >> 2 = 10
42 << 2 = 168
42 >> 2 = 10
43 << 2 = 172
43 >> 2 = 10
44 << 2 = 176
44 >> 2 = 11
45 << 2 = 180
45 >> 2 = 11
46 << 2 = 184
46 >> 2 = 11
47 << 2 = 188
47 >> 2 = 11
48 << 2 = 192
48 >> 2 = 12
49 << 2 = 196
49 >> 2 = 12
50 << 2 = 200
50 >> 2 = 12
51 << 2 = 204
51 >> 2 = 12
52 << 2 = 208
52 >> 2 = 13
53 << 2 = 212
53 >> 2 = 13
54 << 2 = 216
54 >> 2 = 13
55 << 2 = 220
55 >> 2 = 13
56 << 2 = 224
56 >> 2 = 14
57 << 2 = 228
57 >> 2 = 14
58 << 2 = 232
58 >> 2 = 14
59 << 2 = 236
59 >> 2 = 14
60 << 2 = 240
60 >> 2 = 15
61 << 2 = 244
61 >> 2 = 15
62 << 2 = 248
62 >> 2 = 15
63 << 2 = 252
63 >> 2 = 15
64 << 2 = 256
64 >> 2 = 16
65 << 2 = 260
65 >> 2 = 16
66 << 2 = 264
66 >> 2 = 16
67 << 2 = 268
67 >> 2 = 16
68 << 2 = 272
68 >> 2 = 17
69 << 2 = 276
69 >> 2 = 17
70 << 2 = 280
70 >> 2 = 17
71 << 2 = 284
71 >> 2 = 17
72 << 2 = 288
72 >> 2 = 18
73 << 2 = 292
73 >> 2 = 18
74 << 2 = 296
74 >> 2 = 18
75 << 2 = 300
75 >> 2 = 18
76 << 2 = 304
76 >> 2 = 19
77 << 2 = 308
77 >> 2 = 19
78 << 2 = 312
78 >> 2 = 19
79 << 2 = 316
79 >> 2 = 19
80 << 2 = 320
80 >> 2 = 20
81 << 2 = 324
81 >> 2 = 20
82 << 2 = 328
82 >> 2 = 20
83 << 2 = 332
83 >> 2 = 20
84 << 2 = 336
84 >> 2 = 21
85 << 2 = 340
85 >> 2 = 21
86 << 2 = 344
86 >> 2 = 21
87 << 2 = 348
87 >> 2 = 21
88 << 2 = 352
88 >> 2 = 22
89 << 2 = 356
89 >> 2 = 22
90 << 2 = 360
90 >> 2 = 22
91 << 2 = 364
91 >> 2 = 22
92 << 2 = 368
92 >> 2 = 23
93 << 2 = 372
93 >> 2 = 23
94 << 2 = 376
94 >> 2 = 23
95 << 2 = 380
95 >> 2 = 23
96 << 2 = 384
96 >> 2 = 24
97 << 2 = 388
97 >> 2 = 24
98 << 2 = 392
98 >> 2 = 24
99 << 2 = 396
99 >> 2 = 24
0 << 3 = 0
0 >> 3 = 0
1 << 3 = 8
1 >> 3 = 0
2 << 3 = 16
2 >> 3 = 0
3 << 3 = 24
3 >> 3 = 0
4 << 3 = 32
4 >> 3 = 0
5 << 3 = 40
5 >> 3 = 0
6 << 3 = 48
6 >> 3 = 0
7 << 3 = 56
7 >> 3 = 0
8 << 3 = 64
8 >> 3 = 1
9 << 3 = 72
9 >> 3 = 1
10 << 3 = 80
10 >> 3 = 1
11 << 3 = 88
11 >> 3 = 1
12 << 3 = 96
12 >> 3 = 1
13 << 3 = 104
13 >> 3 = 1
14 << 3 = 112
14 >> 3 = 1
15 << 3 = 120
15 >> 3 = 1
16 << 3 = 128
16 >> 3 = 2
17 << 3 = 136
17 >> 3 = 2
18 << 3 = 144
18 >> 3 = 2
19 << 3 = 152
19 >> 3 = 2
20 << 3 = 160
20 >> 3 = 2
21 << 3 = 168
21 >> 3 = 2
22 << 3 = 176
22 >> 3 = 2
23 << 3 = 184
23 >> 3 = 2
24 << 3 = 192
24 >> 3 = 3
25 << 3 = 200
25 >> 3 = 3
26 << 3 = 208
26 >> 3 = 3
27 << 3 = 216
27 >> 3 = 3
28 << 3 = 224
28 >> 3 = 3
29 << 3 = 232
29 >> 3 = 3
30 << 3 = 240
30 >> 3 = 3
31 << 3 = 248
31 >> 3 = 3
32 << 3 = 256
32 >> 3 = 4
33 << 3 = 264
33 >> 3 = 4
34 << 3 = 272
34 >> 3 = 4
35 << 3 = 280
35 >> 3 = 4
36 << 3 = 288
36 >> 3 = 4
37 << 3 = 296
37 >> 3 = 4
38 << 3 = 304
38 >> 3 = 4
39 << 3 = 312
39 >> 3 = 4
40 << 3 = 320
40 >> 3 = 5
41 << 3 = 328
41 >> 3 = 5
42 << 3 = 336
42 >> 3 = 5
43 << 3 = 344
43 >> 3 = 5
44 << 3 = 352
44 >> 3 = 5
45 << 3 = 360
45 >> 3 = 5
46 << 3 = 368
46 >> 3 = 5
47 << 3 = 376
47 >> 3 = 5
48 << 3 = 384
48 >> 3 = 6
49 << 3 = 392
49 >> 3 = 6
50 << 3 = 400
50 >> 3 = 6
51 << 3 = 408
51 >> 3 = 6
52 << 3 = 416
52 >> 3 = 6
53 << 3 = 424
53 >> 3 = 6
54 << 3 = 432
54 >> 3 = 6
55 << 3 = 440
55 >> 3 = 6
56 << 3 = 448
56 >> 3 = 7
57 << 3 = 456
57 >> 3 = 7
58 << 3 = 464
58 >> 3 = 7
59 << 3 = 472
59 >> 3 = 7
60 << 3 = 480
60 >> 3 = 7
61 << 3 = 488
61 >> 3 = 7
62 << 3 = 496
62 >> 3 = 7
63 << 3 = 504
63 >> 3 = 7
64 << 3 = 512
64 >> 3 = 8
65 << 3 = 520
65 >> 3 = 8
66 << 3 = 528
66 >> 3 = 8
67 << 3 = 536
67 >> 3 = 8
68 << 3 = 544
68 >> 3 = 8
69 << 3 = 552
69 >> 3 = 8
70 << 3 = 560
70 >> 3 = 8
71 << 3 = 568
71 >> 3 = 8
72 << 3 = 576
72 >> 3 = 9
73 << 3 = 584
73 >> 3 = 9
74 << 3 = 592
74 >> 3 = 9
75 << 3 = 600
75 >> 3 = 9
76 << 3 = 608
76 >> 3 = 9
77 << 3 = 616
77 >> 3 = 9
78 << 3 = 624
78 >> 3 = 9
79 << 3 = 632
79 >> 3 = 9
80 << 3 = 640
80 >> 3 = 10
81 << 3 = 648
81 >> 3 = 10
82 << 3 = 656
82 >> 3 = 10
83 << 3 = 664
83 >> 3 = 10
84 << 3 = 672
84 >> 3 = 10
85 << 3 = 680
85 >> 3 = 10
86 << 3 = 688
86 >> 3 = 10
87 << 3 = 696
87 >> 3 = 10
88 << 3 = 704
88 >> 3 = 11
89 << 3 = 712
89 >> 3 = 11
90 << 3 = 720
90 >> 3 = 11
91 << 3 = 728
91 >> 3 = 11
92 << 3 = 736
92 >> 3 = 11
93 << 3 = 744
93 >> 3 = 11
94 << 3 = 752
94 >> 3 = 11
95 << 3 = 760
95 >> 3 = 11
96 << 3 = 768
96 >> 3 = 12
97 << 3 = 776
97 >> 3 = 12
98 << 3 = 784
98 >> 3 = 12
99 << 3 = 792
99 >> 3 = 12
0 << 4 = 0
0 >> 4 = 0
1 << 4 = 16
1 >> 4 = 0
2 << 4 = 32
2 >> 4 = 0
3 << 4 = 48
3 >> 4 = 0
4 << 4 = 64
4 >> 4 = 0
5 << 4 = 80
5 >> 4 = 0
6 << 4 = 96
6 >> 4 = 0
7 << 4 = 112
7 >> 4 = 0
8 << 4 = 128
8 >> 4 = 0
9 << 4 = 144
9 >> 4 = 0
10 << 4 = 160
10 >> 4 = 0
11 << 4 = 176
11 >> 4 = 0
12 << 4 = 192
12 >> 4 = 0
13 << 4 = 208
13 >> 4 = 0
14 << 4 = 224
14 >> 4 = 0
15 << 4 = 240
15 >> 4 = 0
16 << 4 = 256
16 >> 4 = 1
17 << 4 = 272
17 >> 4 = 1
18 << 4 = 288
18 >> 4 = 1
19 << 4 = 304
19 >> 4 = 1
20 << 4 = 320
20 >> 4 = 1
21 << 4 = 336
21 >> 4 = 1
22 << 4 = 352
22 >> 4 = 1
23 << 4 = 368
23 >> 4 = 1
24 << 4 = 384
24 >> 4 = 1
25 << 4 = 400
25 >> 4 = 1
26 << 4 = 416
26 >> 4 = 1
27 << 4 = 432
27 >> 4 = 1
28 << 4 = 448
28 >> 4 = 1
29 << 4 = 464
29 >> 4 = 1
30 << 4 = 480
30 >> 4 = 1
31 << 4 = 496
31 >> 4 = 1
32 << 4 = 512
32 >> 4 = 2
33 << 4 = 528
33 >> 4 = 2
34 << 4 = 544
34 >> 4 = 2
35 << 4 = 560
35 >> 4 = 2
36 << 4 = 576
36 >> 4 = 2
37 << 4 = 592
37 >> 4 = 2
38 << 4 = 608
38 >> 4 = 2
39 << 4 = 624
39 >> 4 = 2
40 << 4 = 640
40 >> 4 = 2
41 << 4 = 656
41 >> 4 = 2
42 << 4 = 672
42 >> 4 = 2
43 << 4 = 688
43 >> 4 = 2
44 << 4 = 704
44 >> 4 = 2
45 << 4 = 720
45 >> 4 = 2
46 << 4 = 736
46 >> 4 = 2
47 << 4 = 752
47 >> 4 = 2
48 << 4 = 768
48 >> 4 = 3
49 << 4 = 784
49 >> 4 = 3
50 << 4 = 800
50 >> 4 = 3
51 << 4 = 816
51 >> 4 = 3
52 << 4 = 832
52 >> 4 = 3
53 << 4 = 848
53 >> 4 = 3
54 << 4 = 864
54 >> 4 = 3
55 << 4 = 880
55 >> 4 = 3
56 << 4 = 896
56 >> 4 = 3
57 << 4 = 912
57 >> 4 = 3
58 << 4 = 928
58 >> 4 = 3
59 << 4 = 944
59 >> 4 = 3
60 << 4 = 960
60 >> 4 = 3
61 << 4 = 976
61 >> 4 = 3
62 << 4 = 992
62 >> 4 = 3
63 << 4 = 1008
63 >> 4 = 3
64 << 4 = 1024
64 >> 4 = 4
65 << 4 = 1040
65 >> 4 = 4
66 << 4 = 1056
66 >> 4 = 4
67 << 4 = 1072
67 >> 4 = 4
68 << 4 = 1088
68 >> 4 = 4
69 << 4 = 1104
69 >> 4 = 4
70 << 4 = 1120
70 >> 4 = 4
71 << 4 = 1136
71 >> 4 = 4
72 << 4 = 1152
72 >> 4 = 4
73 << 4 = 1168
73 >> 4 = 4
74 << 4 = 1184
74 >> 4 = 4
75 << 4 = 1200
75 >> 4 = 4
76 << 4 = 1216
76 >> 4 = 4
77 << 4 = 1232
77 >> 4 = 4
78 << 4 = 1248
78 >> 4 = 4
79 << 4 = 1264
79 >> 4 = 4
80 << 4 = 1280
80 >> 4 = 5
81 << 4 = 1296
81 >> 4 = 5
82 << 4 = 1312
82 >> 4 = 5
83 << 4 = 1328
83 >> 4 = 5
84 << 4 = 1344
84 >> 4 = 5
85 << 4 = 1360
85 >> 4 = 5
86 << 4 = 1376
86 >> 4 = 5
87 << 4 = 1392
87 >> 4 = 5
88 << 4 = 1408
88 >> 4 = 5
89 << 4 = 1424
89 >> 4 = 5
90 << 4 = 1440
90 >> 4 = 5
91 << 4 = 1456
91 >> 4 = 5
92 << 4 = 1472
92 >> 4 = 5
93 << 4 = 1488
93 >> 4 = 5
94 << 4 = 1504
94 >> 4 = 5
95 << 4 = 1520
95 >> 4 = 5
96 << 4 = 1536
96 >> 4 = 6
97 << 4 = 1552
97 >> 4 = 6
98 << 4 = 1568
98 >> 4 = 6
99 << 4 = 1584
99 >> 4 = 6
0 << 5 = 0
0 >> 5 = 0
1 << 5 = 32
1 >> 5 = 0
2 << 5 = 64
2 >> 5 = 0
3 << 5 = 96
3 >> 5 = 0
4 << 5 = 128
4 >> 5 = 0
5 << 5 = 160
5 >> 5 = 0
6 << 5 = 192
6 >> 5 = 0
7 << 5 = 224
7 >> 5 = 0
8 << 5 = 256
8 >> 5 = 0
9 << 5 = 288
9 >> 5 = 0
10 << 5 = 320
10 >> 5 = 0
11 << 5 = 352
11 >> 5 = 0
12 << 5 = 384
12 >> 5 = 0
13 << 5 = 416
13 >> 5 = 0
14 << 5 = 448
14 >> 5 = 0
15 << 5 = 480
15 >> 5 = 0
16 << 5 = 512
16 >> 5 = 0
17 << 5 = 544
17 >> 5 = 0
18 << 5 = 576
18 >> 5 = 0
19 << 5 = 608
19 >> 5 = 0
20 << 5 = 640
20 >> 5 = 0
21 << 5 = 672
21 >> 5 = 0
22 << 5 = 704
22 >> 5 = 0
23 << 5 = 736
23 >> 5 = 0
24 << 5 = 768
24 >> 5 = 0
25 << 5 = 800
25 >> 5 = 0
26 << 5 = 832
26 >> 5 = 0
27 << 5 = 864
27 >> 5 = 0
28 << 5 = 896
28 >> 5 = 0
29 << 5 = 928
29 >> 5 = 0
30 << 5 = 960
30 >> 5 = 0
31 << 5 = 992
31 >> 5 = 0
32 << 5 = 1024
32 >> 5 = 1
33 << 5 = 1056
33 >> 5 = 1
34 << 5 = 1088
34 >> 5 = 1
35 << 5 = 1120
35 >> 5 = 1
36 << 5 = 1152
36 >> 5 = 1
37 << 5 = 1184
37 >> 5 = 1
38 << 5 = 1216
38 >> 5 = 1
39 << 5 = 1248
39 >> 5 = 1
40 << 5 = 1280
40 >> 5 = 1
41 << 5 = 1312
41 >> 5 = 1
42 << 5 = 1344
42 >> 5 = 1
43 << 5 = 1376
43 >> 5 = 1
44 << 5 = 1408
44 >> 5 = 1
45 << 5 = 1440
45 >> 5 = 1
46 << 5 = 1472
46 >> 5 = 1
47 << 5 = 1504
47 >> 5 = 1
48 << 5 = 1536
48 >> 5 = 1
49 << 5 = 1568
49 >> 5 = 1
50 << 5 = 1600
50 >> 5 = 1
51 << 5 = 1632
51 >> 5 = 1
52 << 5 = 1664
52 >> 5 = 1
53 << 5 = 1696
53 >> 5 = 1
54 << 5 = 1728
54 >> 5 = 1
55 << 5 = 1760
55 >> 5 = 1
56 << 5 = 1792
56 >> 5 = 1
57 << 5 = 1824
57 >> 5 = 1
58 << 5 = 1856
58 >> 5 = 1
59 << 5 = 1888
59 >> 5 = 1
60 << 5 = 1920
60 >> 5 = 1
61 << 5 = 1952
61 >> 5 = 1
62 << 5 = 1984
62 >> 5 = 1
63 << 5 = 2016
63 >> 5 = 1
64 << 5 = 2048
64 >> 5 = 2
65 << 5 = 2080
65 >> 5 = 2
66 << 5 = 2112
66 >> 5 = 2
67 << 5 = 2144
67 >> 5 = 2
68 << 5 = 2176
68 >> 5 = 2
69 << 5 = 2208
69 >> 5 = 2
70 << 5 = 2240
70 >> 5 = 2
71 << 5 = 2272
71 >> 5 = 2
72 << 5 = 2304
72 >> 5 = 2
73 << 5 = 2336
73 >> 5 = 2
74 << 5 = 2368
74 >> 5 = 2
75 << 5 = 2400
75 >> 5 = 2
76 << 5 = 2432
76 >> 5 = 2
77 << 5 = 2464
77 >> 5 = 2
78 << 5 = 2496
78 >> 5 = 2
79 << 5 = 2528
79 >> 5 = 2
80 << 5 = 2560
80 >> 5 = 2
81 << 5 = 2592
81 >> 5 = 2
82 << 5 = 2624
82 >> 5 = 2
83 << 5 = 2656
83 >> 5 = 2
84 << 5 = 2688
84 >> 5 = 2
85 << 5 = 2720
85 >> 5 = 2
86 << 5 = 2752
86 >> 5 = 2
87 << 5 = 2784
87 >> 5 = 2
88 << 5 = 2816
88 >> 5 = 2
89 << 5 = 2848
89 >> 5 = 2
90 << 5 = 2880
90 >> 5 = 2
91 << 5 = 2912
91 >> 5 = 2
92 << 5 = 2944
92 >> 5 = 2
93 << 5 = 2976
93 >> 5 = 2
94 << 5 = 3008
94 >> 5 = 2
95 << 5 = 3040
95 >> 5 = 2
96 << 5 = 3072
96 >> 5 = 3
97 << 5 = 3104
97 >> 5 = 3
98 << 5 = 3136
98 >> 5 = 3
99 << 5 = 3168
99 >> 5 = 3
0 << 6 = 0
0 >> 6 = 0
1 << 6 = 64
1 >> 6 = 0
2 << 6 = 128
2 >> 6 = 0
3 << 6 = 192
3 >> 6 = 0
4 << 6 = 256
4 >> 6 = 0
5 << 6 = 320
5 >> 6 = 0
6 << 6 = 384
6 >> 6 = 0
7 << 6 = 448
7 >> 6 = 0
8 << 6 = 512
8 >> 6 = 0
9 << 6 = 576
9 >> 6 = 0
10 << 6 = 640
10 >> 6 = 0
11 << 6 = 704
11 >> 6 = 0
12 << 6 = 768
12 >> 6 = 0
13 << 6 = 832
13 >> 6 = 0
14 << 6 = 896
14 >> 6 = 0
15 << 6 = 960
15 >> 6 = 0
16 << 6 = 1024
16 >> 6 = 0
17 << 6 = 1088
17 >> 6 = 0
18 << 6 = 1152
18 >> 6 = 0
19 << 6 = 1216
19 >> 6 = 0
20 << 6 = 1280
20 >> 6 = 0
21 << 6 = 1344
21 >> 6 = 0
22 << 6 = 1408
22 >> 6 = 0
23 << 6 = 1472
23 >> 6 = 0
24 << 6 = 1536
24 >> 6 = 0
25 << 6 = 1600
25 >> 6 = 0
26 << 6 = 1664
26 >> 6 = 0
27 << 6 = 1728
27 >> 6 = 0
28 << 6 = 1792
28 >> 6 = 0
29 << 6 = 1856
29 >> 6 = 0
30 << 6 = 1920
30 >> 6 = 0
31 << 6 = 1984
31 >> 6 = 0
32 << 6 = 2048
32 >> 6 = 0
33 << 6 = 2112
33 >> 6 = 0
34 << 6 = 2176
34 >> 6 = 0
35 << 6 = 2240
35 >> 6 = 0
36 << 6 = 2304
36 >> 6 = 0
37 << 6 = 2368
37 >> 6 = 0
38 << 6 = 2432
38 >> 6 = 0
39 << 6 = 2496
39 >> 6 = 0
40 << 6 = 2560
40 >> 6 = 0
41 << 6 = 2624
41 >> 6 = 0
42 << 6 = 2688
42 >> 6 = 0
43 << 6 = 2752
43 >> 6 = 0
44 << 6 = 2816
44 >> 6 = 0
45 << 6 = 2880
45 >> 6 = 0
46 << 6 = 2944
46 >> 6 = 0
47 << 6 = 3008
47 >> 6 = 0
48 << 6 = 3072
48 >> 6 = 0
49 << 6 = 3136
49 >> 6 = 0
50 << 6 = 3200
50 >> 6 = 0
51 << 6 = 3264
51 >> 6 = 0
52 << 6 = 3328
52 >> 6 = 0
53 << 6 = 3392
53 >> 6 = 0
54 << 6 = 3456
54 >> 6 = 0
55 << 6 = 3520
55 >> 6 = 0
56 << 6 = 3584
56 >> 6 = 0
57 << 6 = 3648
57 >> 6 = 0
58 << 6 = 3712
58 >> 6 = 0
59 << 6 = 3776
59 >> 6 = 0
60 << 6 = 3840
60 >> 6 = 0
61 << 6 = 3904
61 >> 6 = 0
62 << 6 = 3968
62 >> 6 = 0
63 << 6 = 4032
63 >> 6 = 0
64 << 6 = 4096
64 >> 6 = 1
65 << 6 = 4160
65 >> 6 = 1
66 << 6 = 4224
66 >> 6 = 1
67 << 6 = 4288
67 >> 6 = 1
68 << 6 = 4352
68 >> 6 = 1
69 << 6 = 4416
69 >> 6 = 1
70 << 6 = 4480
70 >> 6 = 1
71 << 6 = 4544
71 >> 6 = 1
72 << 6 = 4608
72 >> 6 = 1
73 << 6 = 4672
73 >> 6 = 1
74 << 6 = 4736
74 >> 6 = 1
75 << 6 = 4800
75 >> 6 = 1
76 << 6 = 4864
76 >> 6 = 1
77 << 6 = 4928
77 >> 6 = 1
78 << 6 = 4992
78 >> 6 = 1
79 << 6 = 5056
79 >> 6 = 1
80 << 6 = 5120
80 >> 6 = 1
81 << 6 = 5184
81 >> 6 = 1
82 << 6 = 5248
82 >> 6 = 1
83 << 6 = 5312
83 >> 6 = 1
84 << 6 = 5376
84 >> 6 = 1
85 << 6 = 5440
85 >> 6 = 1
86 << 6 = 5504
86 >> 6 = 1
87 << 6 = 5568
87 >> 6 = 1
88 << 6 = 5632
88 >> 6 = 1
89 << 6 = 5696
89 >> 6 = 1
90 << 6 = 5760
90 >> 6 = 1
91 << 6 = 5824
91 >> 6 = 1
92 << 6 = 5888
92 >> 6 = 1
93 << 6 = 5952
93 >> 6 = 1
94 << 6 = 6016
94 >> 6 = 1
95 << 6 = 6080
95 >> 6 = 1
96 << 6 = 6144
96 >> 6 = 1
97 << 6 = 6208
97 >> 6 = 1
98 << 6 = 6272
98 >> 6 = 1
99 << 6 = 6336
99 >> 6 = 1
0 << 7 = 0
0 >> 7 = 0
1 << 7 = 128
1 >> 7 = 0
2 << 7 = 256
2 >> 7 = 0
3 << 7 = 384
3 >> 7 = 0
4 << 7 = 512
4 >> 7 = 0
5 << 7 = 640
5 >> 7 = 0
6 << 7 = 768
6 >> 7 = 0
7 << 7 = 896
7 >> 7 = 0
8 << 7 = 1024
8 >> 7 = 0
9 << 7 = 1152
9 >> 7 = 0
10 << 7 = 1280
10 >> 7 = 0
11 << 7 = 1408
11 >> 7 = 0
12 << 7 = 1536
12 >> 7 = 0
13 << 7 = 1664
13 >> 7 = 0
14 << 7 = 1792
14 >> 7 = 0
15 << 7 = 1920
15 >> 7 = 0
16 << 7 = 2048
16 >> 7 = 0
17 << 7 = 2176
17 >> 7 = 0
18 << 7 = 2304
18 >> 7 = 0
19 << 7 = 2432
19 >> 7 = 0
20 << 7 = 2560
20 >> 7 = 0
21 << 7 = 2688
21 >> 7 = 0
22 << 7 = 2816
22 >> 7 = 0
23 << 7 = 2944
23 >> 7 = 0
24 << 7 = 3072
24 >> 7 = 0
25 << 7 = 3200
25 >> 7 = 0
26 << 7 = 3328
26 >> 7 = 0
27 << 7 = 3456
27 >> 7 = 0
28 << 7 = 3584
28 >> 7 = 0
29 << 7 = 3712
29 >> 7 = 0
30 << 7 = 3840
30 >> 7 = 0
31 << 7 = 3968
31 >> 7 = 0
32 << 7 = 4096
32 >> 7 = 0
33 << 7 = 4224
33 >> 7 = 0
34 << 7 = 4352
34 >> 7 = 0
35 << 7 = 4480
35 >> 7 = 0
36 << 7 = 4608
36 >> 7 = 0
37 << 7 = 4736
37 >> 7 = 0
38 << 7 = 4864
38 >> 7 = 0
39 << 7 = 4992
39 >> 7 = 0
40 << 7 = 5120
40 >> 7 = 0
41 << 7 = 5248
41 >> 7 = 0
42 << 7 = 5376
42 >> 7 = 0
43 << 7 = 5504
43 >> 7 = 0
44 << 7 = 5632
44 >> 7 = 0
45 << 7 = 5760
45 >> 7 = 0
46 << 7 = 5888
46 >> 7 = 0
47 << 7 = 6016
47 >> 7 = 0
48 << 7 = 6144
48 >> 7 = 0
49 << 7 = 6272
49 >> 7 = 0
50 << 7 = 6400
50 >> 7 = 0
51 << 7 = 6528
51 >> 7 = 0
52 << 7 = 6656
52 >> 7 = 0
53 << 7 = 6784
53 >> 7 = 0
54 << 7 = 6912
54 >> 7 = 0
55 << 7 = 7040
55 >> 7 = 0
56 << 7 = 7168
56 >> 7 = 0
57 << 7 = 7296
57 >> 7 = 0
58 << 7 = 7424
58 >> 7 = 0
59 << 7 = 7552
59 >> 7 = 0
60 << 7 = 7680
60 >> 7 = 0
61 << 7 = 7808
61 >> 7 = 0
62 << 7 = 7936
62 >> 7 = 0
63 << 7 = 8064
63 >> 7 = 0
64 << 7 = 8192
64 >> 7 = 0
65 << 7 = 8320
65 >> 7 = 0
66 << 7 = 8448
66 >> 7 = 0
67 << 7 = 8576
67 >> 7 = 0
68 << 7 = 8704
68 >> 7 = 0
69 << 7 = 8832
69 >> 7 = 0
70 << 7 = 8960
70 >> 7 = 0
71 << 7 = 9088
71 >> 7 = 0
72 << 7 = 9216
72 >> 7 = 0
73 << 7 = 9344
73 >> 7 = 0
74 << 7 = 9472
74 >> 7 = 0
75 << 7 = 9600
75 >> 7 = 0
76 << 7 = 9728
76 >> 7 = 0
77 << 7 = 9856
77 >> 7 = 0
78 << 7 = 9984
78 >> 7 = 0
79 << 7 = 10112
79 >> 7 = 0
80 << 7 = 10240
80 >> 7 = 0
81 << 7 = 10368
81 >> 7 = 0
82 << 7 = 10496
82 >> 7 = 0
83 << 7 = 10624
83 >> 7 = 0
84 << 7 = 10752
84 >> 7 = 0
85 << 7 = 10880
85 >> 7 = 0
86 << 7 = 11008
86 >> 7 = 0
87 << 7 = 11136
87 >> 7 = 0
88 << 7 = 11264
88 >> 7 = 0
89 << 7 = 11392
89 >> 7 = 0
90 << 7 = 11520
90 >> 7 = 0
91 << 7 = 11648
91 >> 7 = 0
92 << 7 = 11776
92 >> 7 = 0
93 << 7 = 11904
93 >> 7 = 0
94 << 7 = 12032
94 >> 7 = 0
95 << 7 = 12160
95 >> 7 = 0
96 << 7 = 12288
96 >> 7 = 0
97 << 7 = 12416
97 >> 7 = 0
98 << 7 = 12544
98 >> 7 = 0
99 << 7 = 12672
99 >> 7 = 0
