0 res = 8
1 res = 8
2 res = 8
3 res = 24
4 res = 8
5 res = 24
6 res = 8
7 res = 24
8 res = 24
9 res = 24
10 res = 24
11 res = 24
12 res = 24
13 res = 24
14 res = 24
15 res = 24
16 res = 24
17 res = 24
18 res = 24
19 res = 24
20 res = 24
21 res = 24
22 res = 24
23 res = 24
24 res = 24
25 res = 24
26 res = 24
27 res = 24
28 res = 24
29 res = 24
Test finish 24
