Input character 1:
aInput character 2:
bCharacter 1 is a
Character 2 is b
