Input a number: 11
The factorial of 11 is 39916800
