Input a word (less than 20 characters): Input a word
The word reversed is drow a tupnI.
