Input a year (i.e., 1996): 1996
This year is a leap year
