Input dividend: 14
Input divisor: 69
Answer: 0 remainder 14
