Which Fibonacci number? 3
That Fibonacci number is 3
