Enter the maximum length of hypotenuse: 10
4 3 5
3 4 5
8 6 10
6 8 10
