Before Swap valueA = 3 and valueB = 4
After  Swap valueA = 3 and valueB = 4
