Input a word (less than 20 characters): Input a word
The word contains 12 characters
