Test RTI
RTI Operation reg1 = 10 reg2 = 11 val = 20
